// Jest Snapshot v1, https://goo.gl/fbAQLP

exports[`renders the component 1`] = `
<Fragment>
  <Carousel
    className="d-none d-xl-block"
    controls={true}
    defaultActiveIndex={0}
    fade={false}
    indicators={true}
    interval={5000}
    keyboard={true}
    nextIcon={<React.Fragment />}
    nextLabel="Next"
    pause="hover"
    prevIcon={<React.Fragment />}
    prevLabel="Previous"
    slide={true}
    touch={true}
    wrap={true}
  >
    <CarouselItem>
      <styled.img
        alt="First slide"
        className="d-block w-100 mh-50"
        src="https://www.jobs.punjab.gov.pk/new_design/images/banner2.jpg"
      />
      <CarouselCaption>
        <div>
          <img
            alt=""
            className="d-inline-block align-top pb-3"
            height="150"
            src="https://image.flaticon.com/icons/svg/3232/3232975.svg"
            width="150"
          />
          <styled.h1>
            <span>
               Get The Career You Deserve 
            </span>
          </styled.h1>
          <withRouter(Search) />
          <styled.p>
            <span>
              Example keywords: remote, lahore, manager 
            </span>
          </styled.p>
        </div>
      </CarouselCaption>
    </CarouselItem>
  </Carousel>
  <div
    className="d-xl-none pt-5"
  >
    <SectionHeading
      subtitle="Get the career you deserve"
      title="Serach for jobs"
    />
    <withRouter(Search) />
  </div>
</Fragment>
`;
