// Jest Snapshot v1, https://goo.gl/fbAQLP

exports[`renders the component 1`] = `
<Fragment>
  <Alert
    closeLabel="Close alert"
    key="abc"
    show={true}
    transition={
      Object {
        "$$typeof": Symbol(react.forward_ref),
        "defaultProps": Object {
          "appear": false,
          "in": false,
          "mountOnEnter": false,
          "timeout": 300,
          "unmountOnExit": false,
        },
        "displayName": "Fade",
        "render": [Function],
      }
    }
    variant="danger"
  >
    danger
  </Alert>
</Fragment>
`;

exports[`renders the component 2`] = `""`;
