// Jest Snapshot v1, https://goo.gl/fbAQLP

exports[`renders the component 1`] = `
<Fragment>
  <Toast
    key="abc"
  >
    <ToastHeader
      closeButton={true}
      closeLabel="Close"
    >
      <strong
        className="mr-auto"
      >
        Notification 
      </strong>
    </ToastHeader>
    <ToastBody
      style={
        Object {
          "color": "red",
          "fontWeight": "bold",
        }
      }
    >
      danger
    </ToastBody>
  </Toast>
</Fragment>
`;

exports[`renders the component 2`] = `""`;
