// Jest Snapshot v1, https://goo.gl/fbAQLP

exports[`renders the component 1`] = `
<BrowserRouter>
  <Connect(Component) />
  <Container
    fluid={true}
    style={
      Object {
        "minHeight": "70vh",
        "padding": 0,
      }
    }
  >
    <div
      aria-atomic="true"
      aria-live="polite"
      style={
        Object {
          "position": "absolute",
          "right": 0,
          "zIndex": 1,
        }
      }
    >
      <Connect(Component) />
    </div>
    <Switch>
      <Route
        component={[Function]}
        exact={true}
        path="/"
      />
      <Route
        component={
          Object {
            "$$typeof": Symbol(react.memo),
            "WrappedComponent": [Function],
            "compare": null,
            "displayName": "Connect(Component)",
            "type": [Function],
          }
        }
        path="/login"
      />
      <Route
        component={
          Object {
            "$$typeof": Symbol(react.memo),
            "WrappedComponent": [Function],
            "compare": null,
            "displayName": "Connect(Component)",
            "type": [Function],
          }
        }
        path="/signup"
      />
      <Connect(Component)
        component={
          Object {
            "$$typeof": Symbol(react.memo),
            "WrappedComponent": [Function],
            "compare": null,
            "displayName": "Connect(Component)",
            "type": [Function],
          }
        }
        path="/jobs/:jobId"
      />
      <Connect(Component)
        component={
          Object {
            "$$typeof": Symbol(react.memo),
            "WrappedComponent": [Function],
            "compare": null,
            "displayName": "Connect(Component)",
            "type": [Function],
          }
        }
        path="/profile"
      />
      <Route
        component={
          Object {
            "$$typeof": Symbol(react.memo),
            "WrappedComponent": [Function],
            "compare": null,
            "displayName": "Connect(Component)",
            "type": [Function],
          }
        }
        path="/jobs/"
      />
      <Route
        component={[Function]}
      />
    </Switch>
  </Container>
  <Component />
</BrowserRouter>
`;
