// Jest Snapshot v1, https://goo.gl/fbAQLP

exports[`renders the component 1`] = `
<Container
  align="center"
  className="pb-5"
  fluid={false}
>
  <Image
    fluid={true}
    rounded={false}
    roundedCircle={false}
    src="http://localhost:8000"
    thumbnail={false}
  />
  <Form
    inline={true}
    onSubmit={[Function]}
  >
    <FormFile
      name="image"
      onChange={[Function]}
    />
    <Button
      active={false}
      disabled={false}
      type="submit"
      variant="primary"
    >
      Update Image
    </Button>
  </Form>
</Container>
`;
