// Jest Snapshot v1, https://goo.gl/fbAQLP

exports[`renders the component 1`] = `
<Container
  align="center"
  className="p-5"
  fluid={false}
>
  <Spinner
    animation="border"
  />
</Container>
`;

exports[`renders the component 2`] = `
<Container
  align="center"
  className="p-5"
  fluid={false}
>
  <Spinner
    animation="border"
  />
</Container>
`;
